[32m2025-11-19 20:27:45:2745[39m info: [34mApp running on port 4000.....[39m
[32m2025-11-19 20:28:11:2811[39m info: [34mApp running on port 4000.....[39m
[32m2025-11-19 20:28:39:2839[39m info: [34mApp running on port 4000.....[39m
[32m2025-12-21 15:02:50:250[39m info: [34mApp running on port 4000.....[39m
[32m2026-01-30 23:34:24:3424[39m info: [34mApp running on port 4000.....[39m
[32m2026-01-30 23:34:52:3452[39m info: [34mPOST /v1/api/auth/sign-in 200 798.498 ms - 524[39m
[32m2026-01-30 23:34:55:3455[39m info: [34mGET /v1/api/feed?limit=20 304 2141.855 ms - -[39m
[32m2026-02-12 19:51:12:5112[39m info: [34mApp running on port 4000.....[39m
[32m2026-02-12 19:54:37:5437[39m info: [34mPOST /v1/api/auth/sign-in 200 4558.244 ms - 524[39m
[32m2026-02-12 19:54:49:5449[39m info: [34mGET /v1/api/feed?limit=20 200 10055.057 ms - 14750[39m
[32m2026-02-12 19:55:53:5553[39m info: [34mPOST /v1/api/projects 201 858.635 ms - 397[39m
[32m2026-02-12 19:55:55:5555[39m info: [34mGET /v1/api/feed?limit=20 200 1461.152 ms - 15487[39m
[32m2026-02-12 19:55:55:5555[39m info: [34mGET /v1/api/feed?limit=20 200 540.421 ms - 15486[39m
[32m2026-02-12 19:56:15:5615[39m info: [34mGET /v1/api/projects?page=1&limit=10 200 616.755 ms - 5204[39m
[32m2026-02-12 19:56:21:5621[39m info: [34mGET /v1/api/projects?page=1&limit=10 304 4325.761 ms - -[39m
[32m2026-02-12 19:57:19:5719[39m info: [34mGET /v1/api/projects?page=1&limit=10 304 609.468 ms - -[39m
[32m2026-02-12 19:58:58:5858[39m info: [34mGET /v1/api/projects?page=1&limit=10 304 648.969 ms - -[39m
[32m2026-02-12 20:05:47:547[39m info: [34mGET /v1/api/projects?page=1&limit=10 - - ms - -[39m
[32m2026-02-12 20:05:49:549[39m info: [34mGET /v1/api/projects?page=1&limit=10 200 616.565 ms - 5204[39m
[32m2026-02-12 20:07:17:717[39m info: [34mGET /v1/api/projects?page=1&limit=10 304 582.763 ms - -[39m
[32m2026-02-12 20:14:50:1450[39m info: [34mDELETE /v1/api/projects/697f316a980b36b0de378a01 200 588.184 ms - 42[39m
[32m2026-02-12 20:14:50:1450[39m info: [34mGET /v1/api/projects?page=1&limit=10 200 603.474 ms - 5182[39m
[32m2026-02-12 20:14:51:1451[39m info: [34mGET /v1/api/projects?page=1&limit=10 304 607.825 ms - -[39m
[32m2026-02-12 20:14:58:1458[39m info: [34mDELETE /v1/api/projects/697f315f980b36b0de3789f7 200 655.538 ms - 42[39m
[32m2026-02-12 20:14:59:1459[39m info: [34mGET /v1/api/projects?page=1&limit=10 200 640.673 ms - 5369[39m
[32m2026-02-12 20:15:00:150[39m info: [34mGET /v1/api/projects?page=1&limit=10 304 572.946 ms - -[39m
[32m2026-02-12 20:15:49:1549[39m info: [34mDELETE /v1/api/projects/697f3541858faf02c8d7384b 200 614.831 ms - 42[39m
[32m2026-02-12 20:15:50:1550[39m info: [34mGET /v1/api/projects?page=1&limit=10 200 730.420 ms - 5366[39m
[32m2026-02-12 20:15:50:1550[39m info: [34mGET /v1/api/projects?page=1&limit=10 304 596.638 ms - -[39m
[32m2026-02-12 20:16:15:1615[39m info: [34mDELETE /v1/api/projects/697f313f980b36b0de3789d9 200 606.780 ms - 42[39m
[32m2026-02-12 20:16:16:1616[39m info: [34mGET /v1/api/projects?page=1&limit=10 200 623.516 ms - 5019[39m
[32m2026-02-12 20:16:16:1616[39m info: [34mGET /v1/api/projects?page=1&limit=10 304 677.354 ms - -[39m
[32m2026-02-12 20:16:35:1635[39m info: [34mDELETE /v1/api/projects/697f2deb5711929dc339f7ed 200 622.942 ms - 42[39m
[32m2026-02-12 20:16:36:1636[39m info: [34mGET /v1/api/projects?page=1&limit=10 200 565.207 ms - 4671[39m
[32m2026-02-12 20:16:36:1636[39m info: [34mDELETE /v1/api/projects/697f2e665711929dc339f7f6 200 557.649 ms - 42[39m
[32m2026-02-12 20:16:36:1636[39m info: [34mGET /v1/api/projects?page=1&limit=10 200 634.579 ms - 4305[39m
[32m2026-02-12 20:16:37:1637[39m info: [34mGET /v1/api/projects?page=1&limit=10 304 610.308 ms - -[39m
[32m2026-02-12 20:16:38:1638[39m info: [34mGET /v1/api/projects?page=1&limit=10 304 570.643 ms - -[39m
[32m2026-02-12 20:16:47:1647[39m info: [34mGET /v1/api/feed?limit=20 200 4598.212 ms - 11033[39m
[32m2026-02-16 13:55:04:554[39m info: [34mApp running on port 4000.....[39m
[32m2026-02-16 13:55:32:5532[39m info: [34mPOST /v1/api/auth/sign-in 200 3028.283 ms - 524[39m
[32m2026-02-16 13:55:38:5538[39m info: [34mGET /v1/api/feed?limit=20 200 5372.102 ms - 11033[39m
[32m2026-02-16 13:56:06:566[39m info: [34mDELETE /v1/api/projects/698e2239557399e03f114696 200 3004.219 ms - 42[39m
[32m2026-02-16 13:56:07:567[39m info: [34mGET /v1/api/feed?limit=20 200 598.511 ms - 11032[39m
[32m2026-02-16 13:56:08:568[39m info: [34mGET /v1/api/feed?limit=20 304 616.609 ms - -[39m
[32m2026-02-16 13:56:12:5612[39m info: [34mDELETE /v1/api/projects/697f355a858faf02c8d73869 200 608.623 ms - 42[39m
[32m2026-02-16 13:56:13:5613[39m info: [34mGET /v1/api/feed?limit=20 304 505.164 ms - -[39m
[32m2026-02-16 13:56:13:5613[39m info: [34mGET /v1/api/feed?limit=20 304 484.864 ms - -[39m
[32m2026-02-16 13:56:16:5616[39m info: [34mGET /v1/api/feed?limit=20 304 531.294 ms - -[39m
[32m2026-02-16 13:58:09:589[39m info: [34mGET /v1/api/projects?page=1&limit=10 200 4073.054 ms - 3635[39m
[32m2026-02-16 13:58:14:5814[39m info: [34mGET /v1/api/projects?page=1&limit=10 304 681.978 ms - -[39m
[32m2026-02-16 14:00:00:00[39m info: [34mGET /v1/api/projects?page=1&limit=10 304 2865.358 ms - -[39m
[32m2026-02-16 14:07:17:717[39m info: [34mGET /v1/api/projects?page=1&limit=10 304 3277.578 ms - -[39m
[32m2026-02-16 14:07:18:718[39m info: [34mGET /v1/api/projects?page=1&limit=10 304 604.331 ms - -[39m
[32m2026-02-16 14:07:33:733[39m info: [34mGET /v1/api/projects?page=1&limit=10 304 627.134 ms - -[39m
[32m2026-02-16 14:16:01:161[39m info: [34mGET /v1/api/projects?page=1&limit=10 304 2002.127 ms - -[39m
[32m2026-02-16 14:17:54:1754[39m info: [34mGET /v1/api/projects?page=1&limit=10 304 539.950 ms - -[39m
[32m2026-02-16 14:27:43:2743[39m info: [34mGET /v1/api/projects?page=1&limit=10 304 484.268 ms - -[39m
[32m2026-02-16 14:29:02:292[39m info: [34mGET /v1/api/projects?page=1&limit=10 304 562.303 ms - -[39m
